// Jest Snapshot v1, https://goo.gl/fbAQLP

exports[`Login screen looks like it should 1`] = `
<header
  style={
    Object {
      "background": "linear-gradient(to bottom, rgba(0, 0, 0, 255), rgba(0, 0, 0, 0))",
      "height": "200px",
      "left": 0,
      "position": "absolute",
      "top": 0,
      "width": "100%",
      "zIndex": 5,
    }
  }
>
  <div
    style={
      Object {
        "color": "white",
        "padding": "5px 10px",
        "textAlign": "right",
        "width": "100%",
      }
    }
  >
    <p>
      Â 
    </p>
    <div
      style={
        Object {
          "color": "white",
          "fontFamily": "Raleway, sans-serif",
          "fontSize": "50pt",
          "fontWeight": "300",
          "marginTop": "50px",
          "textAlign": "center",
          "width": "100%",
        }
      }
    >
      INTERLECTURE
    </div>
  </div>
</header>
`;
